Archive member included to satisfy reference by file (symbol)

c:/st/stm32cubeide_1.5.0/stm32cubeide/plugins/com.st.stm32cube.ide.mcu.externaltools.gnu-tools-for-stm32.7-2018-q2-update.win32_1.5.0.202011040924/tools/bin/../lib/gcc/arm-none-eabi/7.3.1/../../../../arm-none-eabi/lib/thumb/v7e-m/fpv4-sp/hard\libc_nano.a(lib_a-errno.o)
                              Src/syscalls.o (__errno)
c:/st/stm32cubeide_1.5.0/stm32cubeide/plugins/com.st.stm32cube.ide.mcu.externaltools.gnu-tools-for-stm32.7-2018-q2-update.win32_1.5.0.202011040924/tools/bin/../lib/gcc/arm-none-eabi/7.3.1/../../../../arm-none-eabi/lib/thumb/v7e-m/fpv4-sp/hard\libc_nano.a(lib_a-exit.o)
                              c:/st/stm32cubeide_1.5.0/stm32cubeide/plugins/com.st.stm32cube.ide.mcu.externaltools.gnu-tools-for-stm32.7-2018-q2-update.win32_1.5.0.202011040924/tools/bin/../lib/gcc/arm-none-eabi/7.3.1/../../../../arm-none-eabi/lib/thumb/v7e-m/fpv4-sp/hard/crt0.o (exit)
c:/st/stm32cubeide_1.5.0/stm32cubeide/plugins/com.st.stm32cube.ide.mcu.externaltools.gnu-tools-for-stm32.7-2018-q2-update.win32_1.5.0.202011040924/tools/bin/../lib/gcc/arm-none-eabi/7.3.1/../../../../arm-none-eabi/lib/thumb/v7e-m/fpv4-sp/hard\libc_nano.a(lib_a-impure.o)
                              c:/st/stm32cubeide_1.5.0/stm32cubeide/plugins/com.st.stm32cube.ide.mcu.externaltools.gnu-tools-for-stm32.7-2018-q2-update.win32_1.5.0.202011040924/tools/bin/../lib/gcc/arm-none-eabi/7.3.1/../../../../arm-none-eabi/lib/thumb/v7e-m/fpv4-sp/hard\libc_nano.a(lib_a-exit.o) (_global_impure_ptr)
c:/st/stm32cubeide_1.5.0/stm32cubeide/plugins/com.st.stm32cube.ide.mcu.externaltools.gnu-tools-for-stm32.7-2018-q2-update.win32_1.5.0.202011040924/tools/bin/../lib/gcc/arm-none-eabi/7.3.1/../../../../arm-none-eabi/lib/thumb/v7e-m/fpv4-sp/hard\libc_nano.a(lib_a-init.o)
                              c:/st/stm32cubeide_1.5.0/stm32cubeide/plugins/com.st.stm32cube.ide.mcu.externaltools.gnu-tools-for-stm32.7-2018-q2-update.win32_1.5.0.202011040924/tools/bin/../lib/gcc/arm-none-eabi/7.3.1/../../../../arm-none-eabi/lib/thumb/v7e-m/fpv4-sp/hard/crt0.o (__libc_init_array)
c:/st/stm32cubeide_1.5.0/stm32cubeide/plugins/com.st.stm32cube.ide.mcu.externaltools.gnu-tools-for-stm32.7-2018-q2-update.win32_1.5.0.202011040924/tools/bin/../lib/gcc/arm-none-eabi/7.3.1/../../../../arm-none-eabi/lib/thumb/v7e-m/fpv4-sp/hard\libc_nano.a(lib_a-memset.o)
                              c:/st/stm32cubeide_1.5.0/stm32cubeide/plugins/com.st.stm32cube.ide.mcu.externaltools.gnu-tools-for-stm32.7-2018-q2-update.win32_1.5.0.202011040924/tools/bin/../lib/gcc/arm-none-eabi/7.3.1/../../../../arm-none-eabi/lib/thumb/v7e-m/fpv4-sp/hard/crt0.o (memset)

Discarded input sections

 .text          0x0000000000000000        0x0 c:/st/stm32cubeide_1.5.0/stm32cubeide/plugins/com.st.stm32cube.ide.mcu.externaltools.gnu-tools-for-stm32.7-2018-q2-update.win32_1.5.0.202011040924/tools/bin/../lib/gcc/arm-none-eabi/7.3.1/thumb/v7e-m/fpv4-sp/hard/crti.o
 .data          0x0000000000000000        0x0 c:/st/stm32cubeide_1.5.0/stm32cubeide/plugins/com.st.stm32cube.ide.mcu.externaltools.gnu-tools-for-stm32.7-2018-q2-update.win32_1.5.0.202011040924/tools/bin/../lib/gcc/arm-none-eabi/7.3.1/thumb/v7e-m/fpv4-sp/hard/crti.o
 .bss           0x0000000000000000        0x0 c:/st/stm32cubeide_1.5.0/stm32cubeide/plugins/com.st.stm32cube.ide.mcu.externaltools.gnu-tools-for-stm32.7-2018-q2-update.win32_1.5.0.202011040924/tools/bin/../lib/gcc/arm-none-eabi/7.3.1/thumb/v7e-m/fpv4-sp/hard/crti.o
 .data          0x0000000000000000        0x4 c:/st/stm32cubeide_1.5.0/stm32cubeide/plugins/com.st.stm32cube.ide.mcu.externaltools.gnu-tools-for-stm32.7-2018-q2-update.win32_1.5.0.202011040924/tools/bin/../lib/gcc/arm-none-eabi/7.3.1/thumb/v7e-m/fpv4-sp/hard/crtbegin.o
 .text          0x0000000000000000       0x74 c:/st/stm32cubeide_1.5.0/stm32cubeide/plugins/com.st.stm32cube.ide.mcu.externaltools.gnu-tools-for-stm32.7-2018-q2-update.win32_1.5.0.202011040924/tools/bin/../lib/gcc/arm-none-eabi/7.3.1/../../../../arm-none-eabi/lib/thumb/v7e-m/fpv4-sp/hard/crt0.o
 .data          0x0000000000000000        0x0 c:/st/stm32cubeide_1.5.0/stm32cubeide/plugins/com.st.stm32cube.ide.mcu.externaltools.gnu-tools-for-stm32.7-2018-q2-update.win32_1.5.0.202011040924/tools/bin/../lib/gcc/arm-none-eabi/7.3.1/../../../../arm-none-eabi/lib/thumb/v7e-m/fpv4-sp/hard/crt0.o
 .bss           0x0000000000000000        0x0 c:/st/stm32cubeide_1.5.0/stm32cubeide/plugins/com.st.stm32cube.ide.mcu.externaltools.gnu-tools-for-stm32.7-2018-q2-update.win32_1.5.0.202011040924/tools/bin/../lib/gcc/arm-none-eabi/7.3.1/../../../../arm-none-eabi/lib/thumb/v7e-m/fpv4-sp/hard/crt0.o
 .ARM.extab     0x0000000000000000        0x0 c:/st/stm32cubeide_1.5.0/stm32cubeide/plugins/com.st.stm32cube.ide.mcu.externaltools.gnu-tools-for-stm32.7-2018-q2-update.win32_1.5.0.202011040924/tools/bin/../lib/gcc/arm-none-eabi/7.3.1/../../../../arm-none-eabi/lib/thumb/v7e-m/fpv4-sp/hard/crt0.o
 .ARM.exidx     0x0000000000000000        0x8 c:/st/stm32cubeide_1.5.0/stm32cubeide/plugins/com.st.stm32cube.ide.mcu.externaltools.gnu-tools-for-stm32.7-2018-q2-update.win32_1.5.0.202011040924/tools/bin/../lib/gcc/arm-none-eabi/7.3.1/../../../../arm-none-eabi/lib/thumb/v7e-m/fpv4-sp/hard/crt0.o
 .ARM.attributes
                0x0000000000000000       0x20 c:/st/stm32cubeide_1.5.0/stm32cubeide/plugins/com.st.stm32cube.ide.mcu.externaltools.gnu-tools-for-stm32.7-2018-q2-update.win32_1.5.0.202011040924/tools/bin/../lib/gcc/arm-none-eabi/7.3.1/../../../../arm-none-eabi/lib/thumb/v7e-m/fpv4-sp/hard/crt0.o
 .group         0x0000000000000000        0xc Src/002_gpio_exercise_external_interrupt.o
 .group         0x0000000000000000        0xc Src/002_gpio_exercise_external_interrupt.o
 .group         0x0000000000000000        0xc Src/002_gpio_exercise_external_interrupt.o
 .group         0x0000000000000000        0xc Src/002_gpio_exercise_external_interrupt.o
 .group         0x0000000000000000        0xc Src/002_gpio_exercise_external_interrupt.o
 .group         0x0000000000000000        0xc Src/002_gpio_exercise_external_interrupt.o
 .group         0x0000000000000000        0xc Src/002_gpio_exercise_external_interrupt.o
 .group         0x0000000000000000        0xc Src/002_gpio_exercise_external_interrupt.o
 .group         0x0000000000000000        0xc Src/002_gpio_exercise_external_interrupt.o
 .group         0x0000000000000000        0xc Src/002_gpio_exercise_external_interrupt.o
 .group         0x0000000000000000        0xc Src/002_gpio_exercise_external_interrupt.o
 .group         0x0000000000000000        0xc Src/002_gpio_exercise_external_interrupt.o
 .group         0x0000000000000000        0xc Src/002_gpio_exercise_external_interrupt.o
 .group         0x0000000000000000        0xc Src/002_gpio_exercise_external_interrupt.o
 .group         0x0000000000000000        0xc Src/002_gpio_exercise_external_interrupt.o
 .group         0x0000000000000000        0xc Src/002_gpio_exercise_external_interrupt.o
 .group         0x0000000000000000        0xc Src/002_gpio_exercise_external_interrupt.o
 .group         0x0000000000000000        0xc Src/002_gpio_exercise_external_interrupt.o
 .group         0x0000000000000000        0xc Src/002_gpio_exercise_external_interrupt.o
 .group         0x0000000000000000        0xc Src/002_gpio_exercise_external_interrupt.o
 .group         0x0000000000000000        0xc Src/002_gpio_exercise_external_interrupt.o
 .group         0x0000000000000000        0xc Src/002_gpio_exercise_external_interrupt.o
 .group         0x0000000000000000        0xc Src/002_gpio_exercise_external_interrupt.o
 .group         0x0000000000000000        0xc Src/002_gpio_exercise_external_interrupt.o
 .group         0x0000000000000000        0xc Src/002_gpio_exercise_external_interrupt.o
 .group         0x0000000000000000        0xc Src/002_gpio_exercise_external_interrupt.o
 .group         0x0000000000000000        0xc Src/002_gpio_exercise_external_interrupt.o
 .group         0x0000000000000000        0xc Src/002_gpio_exercise_external_interrupt.o
 .group         0x0000000000000000        0xc Src/002_gpio_exercise_external_interrupt.o
 .group         0x0000000000000000        0xc Src/002_gpio_exercise_external_interrupt.o
 .group         0x0000000000000000        0xc Src/002_gpio_exercise_external_interrupt.o
 .group         0x0000000000000000        0xc Src/002_gpio_exercise_external_interrupt.o
 .group         0x0000000000000000        0xc Src/002_gpio_exercise_external_interrupt.o
 .group         0x0000000000000000        0xc Src/002_gpio_exercise_external_interrupt.o
 .group         0x0000000000000000        0xc Src/002_gpio_exercise_external_interrupt.o
 .group         0x0000000000000000        0xc Src/002_gpio_exercise_external_interrupt.o
 .group         0x0000000000000000        0xc Src/002_gpio_exercise_external_interrupt.o
 .text          0x0000000000000000        0x0 Src/002_gpio_exercise_external_interrupt.o
 .data          0x0000000000000000        0x0 Src/002_gpio_exercise_external_interrupt.o
 .bss           0x0000000000000000        0x0 Src/002_gpio_exercise_external_interrupt.o
 .group         0x0000000000000000        0xc Src/syscalls.o
 .group         0x0000000000000000        0xc Src/syscalls.o
 .group         0x0000000000000000        0xc Src/syscalls.o
 .group         0x0000000000000000        0xc Src/syscalls.o
 .group         0x0000000000000000        0xc Src/syscalls.o
 .group         0x0000000000000000        0xc Src/syscalls.o
 .group         0x0000000000000000        0xc Src/syscalls.o
 .group         0x0000000000000000        0xc Src/syscalls.o
 .group         0x0000000000000000        0xc Src/syscalls.o
 .group         0x0000000000000000        0xc Src/syscalls.o
 .group         0x0000000000000000        0xc Src/syscalls.o
 .group         0x0000000000000000        0xc Src/syscalls.o
 .group         0x0000000000000000        0xc Src/syscalls.o
 .group         0x0000000000000000        0xc Src/syscalls.o
 .group         0x0000000000000000        0xc Src/syscalls.o
 .group         0x0000000000000000        0xc Src/syscalls.o
 .group         0x0000000000000000        0xc Src/syscalls.o
 .group         0x0000000000000000        0xc Src/syscalls.o
 .group         0x0000000000000000        0xc Src/syscalls.o
 .group         0x0000000000000000        0xc Src/syscalls.o
 .group         0x0000000000000000        0xc Src/syscalls.o
 .group         0x0000000000000000        0xc Src/syscalls.o
 .group         0x0000000000000000        0xc Src/syscalls.o
 .group         0x0000000000000000        0xc Src/syscalls.o
 .group         0x0000000000000000        0xc Src/syscalls.o
 .group         0x0000000000000000        0xc Src/syscalls.o
 .group         0x0000000000000000        0xc Src/syscalls.o
 .group         0x0000000000000000        0xc Src/syscalls.o
 .group         0x0000000000000000        0xc Src/syscalls.o
 .group         0x0000000000000000        0xc Src/syscalls.o
 .group         0x0000000000000000        0xc Src/syscalls.o
 .group         0x0000000000000000        0xc Src/syscalls.o
 .group         0x0000000000000000        0xc Src/syscalls.o
 .group         0x0000000000000000        0xc Src/syscalls.o
 .group         0x0000000000000000        0xc Src/syscalls.o
 .group         0x0000000000000000        0xc Src/syscalls.o
 .group         0x0000000000000000        0xc Src/syscalls.o
 .group         0x0000000000000000        0xc Src/syscalls.o
 .group         0x0000000000000000        0xc Src/syscalls.o
 .group         0x0000000000000000        0xc Src/syscalls.o
 .group         0x0000000000000000        0xc Src/syscalls.o
 .group         0x0000000000000000        0xc Src/syscalls.o
 .group         0x0000000000000000        0xc Src/syscalls.o
 .group         0x0000000000000000        0xc Src/syscalls.o
 .text          0x0000000000000000        0x0 Src/syscalls.o
 .data          0x0000000000000000        0x0 Src/syscalls.o
 .bss           0x0000000000000000        0x0 Src/syscalls.o
 .bss.__env     0x0000000000000000        0x4 Src/syscalls.o
 .data.environ  0x0000000000000000        0x4 Src/syscalls.o
 .text.initialise_monitor_handles
                0x0000000000000000        0xe Src/syscalls.o
 .text._getpid  0x0000000000000000       0x10 Src/syscalls.o
 .text._kill    0x0000000000000000       0x20 Src/syscalls.o
 .text._exit    0x0000000000000000       0x14 Src/syscalls.o
 .text._read    0x0000000000000000       0x3a Src/syscalls.o
 .text._write   0x0000000000000000       0x38 Src/syscalls.o
 .text._close   0x0000000000000000       0x18 Src/syscalls.o
 .text._fstat   0x0000000000000000       0x20 Src/syscalls.o
 .text._isatty  0x0000000000000000       0x16 Src/syscalls.o
 .text._lseek   0x0000000000000000       0x1a Src/syscalls.o
 .text._open    0x0000000000000000       0x1c Src/syscalls.o
 .text._wait    0x0000000000000000       0x1e Src/syscalls.o
 .text._unlink  0x0000000000000000       0x1e Src/syscalls.o
 .text._times   0x0000000000000000       0x18 Src/syscalls.o
 .text._stat    0x0000000000000000       0x20 Src/syscalls.o
 .text._link    0x0000000000000000       0x20 Src/syscalls.o
 .text._fork    0x0000000000000000       0x16 Src/syscalls.o
 .text._execve  0x0000000000000000       0x22 Src/syscalls.o
 .debug_info    0x0000000000000000      0xebd Src/syscalls.o
 .debug_abbrev  0x0000000000000000      0x261 Src/syscalls.o
 .debug_aranges
                0x0000000000000000       0xa8 Src/syscalls.o
 .debug_ranges  0x0000000000000000       0x98 Src/syscalls.o
 .debug_macro   0x0000000000000000      0x243 Src/syscalls.o
 .debug_macro   0x0000000000000000      0xa66 Src/syscalls.o
 .debug_macro   0x0000000000000000       0x22 Src/syscalls.o
 .debug_macro   0x0000000000000000       0x40 Src/syscalls.o
 .debug_macro   0x0000000000000000       0x18 Src/syscalls.o
 .debug_macro   0x0000000000000000       0x94 Src/syscalls.o
 .debug_macro   0x0000000000000000       0x3c Src/syscalls.o
 .debug_macro   0x0000000000000000       0x34 Src/syscalls.o
 .debug_macro   0x0000000000000000       0x57 Src/syscalls.o
 .debug_macro   0x0000000000000000      0x174 Src/syscalls.o
 .debug_macro   0x0000000000000000      0x330 Src/syscalls.o
 .debug_macro   0x0000000000000000       0x52 Src/syscalls.o
 .debug_macro   0x0000000000000000       0x1f Src/syscalls.o
 .debug_macro   0x0000000000000000       0x43 Src/syscalls.o
 .debug_macro   0x0000000000000000       0x20 Src/syscalls.o
 .debug_macro   0x0000000000000000      0x1a3 Src/syscalls.o
 .debug_macro   0x0000000000000000       0x10 Src/syscalls.o
 .debug_macro   0x0000000000000000       0x35 Src/syscalls.o
 .debug_macro   0x0000000000000000       0x10 Src/syscalls.o
 .debug_macro   0x0000000000000000       0x10 Src/syscalls.o
 .debug_macro   0x0000000000000000       0x10 Src/syscalls.o
 .debug_macro   0x0000000000000000       0x6a Src/syscalls.o
 .debug_macro   0x0000000000000000       0x1c Src/syscalls.o
 .debug_macro   0x0000000000000000       0x52 Src/syscalls.o
 .debug_macro   0x0000000000000000       0x40 Src/syscalls.o
 .debug_macro   0x0000000000000000       0x10 Src/syscalls.o
 .debug_macro   0x0000000000000000       0x40 Src/syscalls.o
 .debug_macro   0x0000000000000000       0xd7 Src/syscalls.o
 .debug_macro   0x0000000000000000       0x1c Src/syscalls.o
 .debug_macro   0x0000000000000000       0x3d Src/syscalls.o
 .debug_macro   0x0000000000000000       0x35 Src/syscalls.o
 .debug_macro   0x0000000000000000      0x122 Src/syscalls.o
 .debug_macro   0x0000000000000000       0x16 Src/syscalls.o
 .debug_macro   0x0000000000000000       0x16 Src/syscalls.o
 .debug_macro   0x0000000000000000       0x29 Src/syscalls.o
 .debug_macro   0x0000000000000000       0x10 Src/syscalls.o
 .debug_macro   0x0000000000000000      0x241 Src/syscalls.o
 .debug_macro   0x0000000000000000       0x1c Src/syscalls.o
 .debug_macro   0x0000000000000000       0x10 Src/syscalls.o
 .debug_macro   0x0000000000000000       0x10 Src/syscalls.o
 .debug_macro   0x0000000000000000       0x16 Src/syscalls.o
 .debug_macro   0x0000000000000000      0x145 Src/syscalls.o
 .debug_macro   0x0000000000000000      0x189 Src/syscalls.o
 .debug_macro   0x0000000000000000       0x16 Src/syscalls.o
 .debug_macro   0x0000000000000000       0x88 Src/syscalls.o
 .debug_line    0x0000000000000000      0x739 Src/syscalls.o
 .debug_str     0x0000000000000000     0x8896 Src/syscalls.o
 .comment       0x0000000000000000       0x7c Src/syscalls.o
 .debug_frame   0x0000000000000000      0x2ac Src/syscalls.o
 .ARM.attributes
                0x0000000000000000       0x39 Src/syscalls.o
 .group         0x0000000000000000        0xc Src/sysmem.o
 .group         0x0000000000000000        0xc Src/sysmem.o
 .group         0x0000000000000000        0xc Src/sysmem.o
 .group         0x0000000000000000        0xc Src/sysmem.o
 .group         0x0000000000000000        0xc Src/sysmem.o
 .group         0x0000000000000000        0xc Src/sysmem.o
 .group         0x0000000000000000        0xc Src/sysmem.o
 .group         0x0000000000000000        0xc Src/sysmem.o
 .group         0x0000000000000000        0xc Src/sysmem.o
 .group         0x0000000000000000        0xc Src/sysmem.o
 .group         0x0000000000000000        0xc Src/sysmem.o
 .group         0x0000000000000000        0xc Src/sysmem.o
 .group         0x0000000000000000        0xc Src/sysmem.o
 .group         0x0000000000000000        0xc Src/sysmem.o
 .group         0x0000000000000000        0xc Src/sysmem.o
 .group         0x0000000000000000        0xc Src/sysmem.o
 .group         0x0000000000000000        0xc Src/sysmem.o
 .group         0x0000000000000000        0xc Src/sysmem.o
 .group         0x0000000000000000        0xc Src/sysmem.o
 .text          0x0000000000000000        0x0 Src/sysmem.o
 .data          0x0000000000000000        0x0 Src/sysmem.o
 .bss           0x0000000000000000        0x0 Src/sysmem.o
 .bss.__sbrk_heap_end
                0x0000000000000000        0x4 Src/sysmem.o
 .text._sbrk    0x0000000000000000       0x6c Src/sysmem.o
 .debug_info    0x0000000000000000      0x985 Src/sysmem.o
 .debug_abbrev  0x0000000000000000      0x19b Src/sysmem.o
 .debug_aranges
                0x0000000000000000       0x20 Src/sysmem.o
 .debug_ranges  0x0000000000000000       0x10 Src/sysmem.o
 .debug_macro   0x0000000000000000       0xee Src/sysmem.o
 .debug_macro   0x0000000000000000      0xa66 Src/sysmem.o
 .debug_macro   0x0000000000000000       0x10 Src/sysmem.o
 .debug_macro   0x0000000000000000       0x22 Src/sysmem.o
 .debug_macro   0x0000000000000000       0x40 Src/sysmem.o
 .debug_macro   0x0000000000000000       0x18 Src/sysmem.o
 .debug_macro   0x0000000000000000       0x94 Src/sysmem.o
 .debug_macro   0x0000000000000000       0x3c Src/sysmem.o
 .debug_macro   0x0000000000000000       0x34 Src/sysmem.o
 .debug_macro   0x0000000000000000      0x174 Src/sysmem.o
 .debug_macro   0x0000000000000000       0x57 Src/sysmem.o
 .debug_macro   0x0000000000000000       0x52 Src/sysmem.o
 .debug_macro   0x0000000000000000       0x1f Src/sysmem.o
 .debug_macro   0x0000000000000000       0x43 Src/sysmem.o
 .debug_macro   0x0000000000000000       0x20 Src/sysmem.o
 .debug_macro   0x0000000000000000      0x1a3 Src/sysmem.o
 .debug_macro   0x0000000000000000      0x23b Src/sysmem.o
 .debug_macro   0x0000000000000000       0xef Src/sysmem.o
 .debug_macro   0x0000000000000000       0x6a Src/sysmem.o
 .debug_macro   0x0000000000000000      0x1df Src/sysmem.o
 .debug_line    0x0000000000000000      0x4c2 Src/sysmem.o
 .debug_str     0x0000000000000000     0x5f64 Src/sysmem.o
 .comment       0x0000000000000000       0x7c Src/sysmem.o
 .debug_frame   0x0000000000000000       0x34 Src/sysmem.o
 .ARM.attributes
                0x0000000000000000       0x39 Src/sysmem.o
 .text          0x0000000000000000       0x14 Startup/startup_stm32f446retx.o
 .data          0x0000000000000000        0x0 Startup/startup_stm32f446retx.o
 .bss           0x0000000000000000        0x0 Startup/startup_stm32f446retx.o
 .group         0x0000000000000000        0xc drivers/Src/stm32f446xx_gpio_driver.o
 .group         0x0000000000000000        0xc drivers/Src/stm32f446xx_gpio_driver.o
 .group         0x0000000000000000        0xc drivers/Src/stm32f446xx_gpio_driver.o
 .group         0x0000000000000000        0xc drivers/Src/stm32f446xx_gpio_driver.o
 .group         0x0000000000000000        0xc drivers/Src/stm32f446xx_gpio_driver.o
 .group         0x0000000000000000        0xc drivers/Src/stm32f446xx_gpio_driver.o
 .group         0x0000000000000000        0xc drivers/Src/stm32f446xx_gpio_driver.o
 .group         0x0000000000000000        0xc drivers/Src/stm32f446xx_gpio_driver.o
 .group         0x0000000000000000        0xc drivers/Src/stm32f446xx_gpio_driver.o
 .text          0x0000000000000000        0x0 drivers/Src/stm32f446xx_gpio_driver.o
 .data          0x0000000000000000        0x0 drivers/Src/stm32f446xx_gpio_driver.o
 .bss           0x0000000000000000        0x0 drivers/Src/stm32f446xx_gpio_driver.o
 .text.GPIO_DeInit
                0x0000000000000000      0x148 drivers/Src/stm32f446xx_gpio_driver.o
 .text.GPIO_ReadFromInputPin
                0x0000000000000000       0x2c drivers/Src/stm32f446xx_gpio_driver.o
 .text.GPIO_ReadFromInputPort
                0x0000000000000000       0x1c drivers/Src/stm32f446xx_gpio_driver.o
 .text.GPIO_WriteToOutputPort
                0x0000000000000000       0x1e drivers/Src/stm32f446xx_gpio_driver.o
 .text.GPIO_ToggleOutputPin
                0x0000000000000000       0x2a drivers/Src/stm32f446xx_gpio_driver.o
 .debug_macro   0x0000000000000000      0xa66 drivers/Src/stm32f446xx_gpio_driver.o
 .debug_macro   0x0000000000000000       0x22 drivers/Src/stm32f446xx_gpio_driver.o
 .debug_macro   0x0000000000000000       0xef drivers/Src/stm32f446xx_gpio_driver.o
 .debug_macro   0x0000000000000000       0x6a drivers/Src/stm32f446xx_gpio_driver.o
 .debug_macro   0x0000000000000000      0x1df drivers/Src/stm32f446xx_gpio_driver.o
 .debug_macro   0x0000000000000000      0x327 drivers/Src/stm32f446xx_gpio_driver.o
 .debug_macro   0x0000000000000000       0xc4 drivers/Src/stm32f446xx_gpio_driver.o
 .text          0x0000000000000000        0x0 c:/st/stm32cubeide_1.5.0/stm32cubeide/plugins/com.st.stm32cube.ide.mcu.externaltools.gnu-tools-for-stm32.7-2018-q2-update.win32_1.5.0.202011040924/tools/bin/../lib/gcc/arm-none-eabi/7.3.1/../../../../arm-none-eabi/lib/thumb/v7e-m/fpv4-sp/hard\libc_nano.a(lib_a-errno.o)
 .data          0x0000000000000000        0x0 c:/st/stm32cubeide_1.5.0/stm32cubeide/plugins/com.st.stm32cube.ide.mcu.externaltools.gnu-tools-for-stm32.7-2018-q2-update.win32_1.5.0.202011040924/tools/bin/../lib/gcc/arm-none-eabi/7.3.1/../../../../arm-none-eabi/lib/thumb/v7e-m/fpv4-sp/hard\libc_nano.a(lib_a-errno.o)
 .bss           0x0000000000000000        0x0 c:/st/stm32cubeide_1.5.0/stm32cubeide/plugins/com.st.stm32cube.ide.mcu.externaltools.gnu-tools-for-stm32.7-2018-q2-update.win32_1.5.0.202011040924/tools/bin/../lib/gcc/arm-none-eabi/7.3.1/../../../../arm-none-eabi/lib/thumb/v7e-m/fpv4-sp/hard\libc_nano.a(lib_a-errno.o)
 .text.__errno  0x0000000000000000        0xc c:/st/stm32cubeide_1.5.0/stm32cubeide/plugins/com.st.stm32cube.ide.mcu.externaltools.gnu-tools-for-stm32.7-2018-q2-update.win32_1.5.0.202011040924/tools/bin/../lib/gcc/arm-none-eabi/7.3.1/../../../../arm-none-eabi/lib/thumb/v7e-m/fpv4-sp/hard\libc_nano.a(lib_a-errno.o)
 .debug_frame   0x0000000000000000       0x20 c:/st/stm32cubeide_1.5.0/stm32cubeide/plugins/com.st.stm32cube.ide.mcu.externaltools.gnu-tools-for-stm32.7-2018-q2-update.win32_1.5.0.202011040924/tools/bin/../lib/gcc/arm-none-eabi/7.3.1/../../../../arm-none-eabi/lib/thumb/v7e-m/fpv4-sp/hard\libc_nano.a(lib_a-errno.o)
 .ARM.attributes
                0x0000000000000000       0x34 c:/st/stm32cubeide_1.5.0/stm32cubeide/plugins/com.st.stm32cube.ide.mcu.externaltools.gnu-tools-for-stm32.7-2018-q2-update.win32_1.5.0.202011040924/tools/bin/../lib/gcc/arm-none-eabi/7.3.1/../../../../arm-none-eabi/lib/thumb/v7e-m/fpv4-sp/hard\libc_nano.a(lib_a-errno.o)
 .text          0x0000000000000000        0x0 c:/st/stm32cubeide_1.5.0/stm32cubeide/plugins/com.st.stm32cube.ide.mcu.externaltools.gnu-tools-for-stm32.7-2018-q2-update.win32_1.5.0.202011040924/tools/bin/../lib/gcc/arm-none-eabi/7.3.1/../../../../arm-none-eabi/lib/thumb/v7e-m/fpv4-sp/hard\libc_nano.a(lib_a-exit.o)
 .data          0x0000000000000000        0x0 c:/st/stm32cubeide_1.5.0/stm32cubeide/plugins/com.st.stm32cube.ide.mcu.externaltools.gnu-tools-for-stm32.7-2018-q2-update.win32_1.5.0.202011040924/tools/bin/../lib/gcc/arm-none-eabi/7.3.1/../../../../arm-none-eabi/lib/thumb/v7e-m/fpv4-sp/hard\libc_nano.a(lib_a-exit.o)
 .bss           0x0000000000000000        0x0 c:/st/stm32cubeide_1.5.0/stm32cubeide/plugins/com.st.stm32cube.ide.mcu.externaltools.gnu-tools-for-stm32.7-2018-q2-update.win32_1.5.0.202011040924/tools/bin/../lib/gcc/arm-none-eabi/7.3.1/../../../../arm-none-eabi/lib/thumb/v7e-m/fpv4-sp/hard\libc_nano.a(lib_a-exit.o)
 .text.exit     0x0000000000000000       0x28 c:/st/stm32cubeide_1.5.0/stm32cubeide/plugins/com.st.stm32cube.ide.mcu.externaltools.gnu-tools-for-stm32.7-2018-q2-update.win32_1.5.0.202011040924/tools/bin/../lib/gcc/arm-none-eabi/7.3.1/../../../../arm-none-eabi/lib/thumb/v7e-m/fpv4-sp/hard\libc_nano.a(lib_a-exit.o)
 .debug_frame   0x0000000000000000       0x28 c:/st/stm32cubeide_1.5.0/stm32cubeide/plugins/com.st.stm32cube.ide.mcu.externaltools.gnu-tools-for-stm32.7-2018-q2-update.win32_1.5.0.202011040924/tools/bin/../lib/gcc/arm-none-eabi/7.3.1/../../../../arm-none-eabi/lib/thumb/v7e-m/fpv4-sp/hard\libc_nano.a(lib_a-exit.o)
 .ARM.attributes
                0x0000000000000000       0x34 c:/st/stm32cubeide_1.5.0/stm32cubeide/plugins/com.st.stm32cube.ide.mcu.externaltools.gnu-tools-for-stm32.7-2018-q2-update.win32_1.5.0.202011040924/tools/bin/../lib/gcc/arm-none-eabi/7.3.1/../../../../arm-none-eabi/lib/thumb/v7e-m/fpv4-sp/hard\libc_nano.a(lib_a-exit.o)
 .text          0x0000000000000000        0x0 c:/st/stm32cubeide_1.5.0/stm32cubeide/plugins/com.st.stm32cube.ide.mcu.externaltools.gnu-tools-for-stm32.7-2018-q2-update.win32_1.5.0.202011040924/tools/bin/../lib/gcc/arm-none-eabi/7.3.1/../../../../arm-none-eabi/lib/thumb/v7e-m/fpv4-sp/hard\libc_nano.a(lib_a-impure.o)
 .data          0x0000000000000000        0x0 c:/st/stm32cubeide_1.5.0/stm32cubeide/plugins/com.st.stm32cube.ide.mcu.externaltools.gnu-tools-for-stm32.7-2018-q2-update.win32_1.5.0.202011040924/tools/bin/../lib/gcc/arm-none-eabi/7.3.1/../../../../arm-none-eabi/lib/thumb/v7e-m/fpv4-sp/hard\libc_nano.a(lib_a-impure.o)
 .bss           0x0000000000000000        0x0 c:/st/stm32cubeide_1.5.0/stm32cubeide/plugins/com.st.stm32cube.ide.mcu.externaltools.gnu-tools-for-stm32.7-2018-q2-update.win32_1.5.0.202011040924/tools/bin/../lib/gcc/arm-none-eabi/7.3.1/../../../../arm-none-eabi/lib/thumb/v7e-m/fpv4-sp/hard\libc_nano.a(lib_a-impure.o)
 .data._impure_ptr
                0x0000000000000000        0x4 c:/st/stm32cubeide_1.5.0/stm32cubeide/plugins/com.st.stm32cube.ide.mcu.externaltools.gnu-tools-for-stm32.7-2018-q2-update.win32_1.5.0.202011040924/tools/bin/../lib/gcc/arm-none-eabi/7.3.1/../../../../arm-none-eabi/lib/thumb/v7e-m/fpv4-sp/hard\libc_nano.a(lib_a-impure.o)
 .data.impure_data
                0x0000000000000000       0x60 c:/st/stm32cubeide_1.5.0/stm32cubeide/plugins/com.st.stm32cube.ide.mcu.externaltools.gnu-tools-for-stm32.7-2018-q2-update.win32_1.5.0.202011040924/tools/bin/../lib/gcc/arm-none-eabi/7.3.1/../../../../arm-none-eabi/lib/thumb/v7e-m/fpv4-sp/hard\libc_nano.a(lib_a-impure.o)
 .rodata._global_impure_ptr
                0x0000000000000000        0x4 c:/st/stm32cubeide_1.5.0/stm32cubeide/plugins/com.st.stm32cube.ide.mcu.externaltools.gnu-tools-for-stm32.7-2018-q2-update.win32_1.5.0.202011040924/tools/bin/../lib/gcc/arm-none-eabi/7.3.1/../../../../arm-none-eabi/lib/thumb/v7e-m/fpv4-sp/hard\libc_nano.a(lib_a-impure.o)
 .ARM.attributes
                0x0000000000000000       0x34 c:/st/stm32cubeide_1.5.0/stm32cubeide/plugins/com.st.stm32cube.ide.mcu.externaltools.gnu-tools-for-stm32.7-2018-q2-update.win32_1.5.0.202011040924/tools/bin/../lib/gcc/arm-none-eabi/7.3.1/../../../../arm-none-eabi/lib/thumb/v7e-m/fpv4-sp/hard\libc_nano.a(lib_a-impure.o)
 .text          0x0000000000000000        0x0 c:/st/stm32cubeide_1.5.0/stm32cubeide/plugins/com.st.stm32cube.ide.mcu.externaltools.gnu-tools-for-stm32.7-2018-q2-update.win32_1.5.0.202011040924/tools/bin/../lib/gcc/arm-none-eabi/7.3.1/../../../../arm-none-eabi/lib/thumb/v7e-m/fpv4-sp/hard\libc_nano.a(lib_a-init.o)
 .data          0x0000000000000000        0x0 c:/st/stm32cubeide_1.5.0/stm32cubeide/plugins/com.st.stm32cube.ide.mcu.externaltools.gnu-tools-for-stm32.7-2018-q2-update.win32_1.5.0.202011040924/tools/bin/../lib/gcc/arm-none-eabi/7.3.1/../../../../arm-none-eabi/lib/thumb/v7e-m/fpv4-sp/hard\libc_nano.a(lib_a-init.o)
 .bss           0x0000000000000000        0x0 c:/st/stm32cubeide_1.5.0/stm32cubeide/plugins/com.st.stm32cube.ide.mcu.externaltools.gnu-tools-for-stm32.7-2018-q2-update.win32_1.5.0.202011040924/tools/bin/../lib/gcc/arm-none-eabi/7.3.1/../../../../arm-none-eabi/lib/thumb/v7e-m/fpv4-sp/hard\libc_nano.a(lib_a-init.o)
 .text          0x0000000000000000        0x0 c:/st/stm32cubeide_1.5.0/stm32cubeide/plugins/com.st.stm32cube.ide.mcu.externaltools.gnu-tools-for-stm32.7-2018-q2-update.win32_1.5.0.202011040924/tools/bin/../lib/gcc/arm-none-eabi/7.3.1/../../../../arm-none-eabi/lib/thumb/v7e-m/fpv4-sp/hard\libc_nano.a(lib_a-memset.o)
 .data          0x0000000000000000        0x0 c:/st/stm32cubeide_1.5.0/stm32cubeide/plugins/com.st.stm32cube.ide.mcu.externaltools.gnu-tools-for-stm32.7-2018-q2-update.win32_1.5.0.202011040924/tools/bin/../lib/gcc/arm-none-eabi/7.3.1/../../../../arm-none-eabi/lib/thumb/v7e-m/fpv4-sp/hard\libc_nano.a(lib_a-memset.o)
 .bss           0x0000000000000000        0x0 c:/st/stm32cubeide_1.5.0/stm32cubeide/plugins/com.st.stm32cube.ide.mcu.externaltools.gnu-tools-for-stm32.7-2018-q2-update.win32_1.5.0.202011040924/tools/bin/../lib/gcc/arm-none-eabi/7.3.1/../../../../arm-none-eabi/lib/thumb/v7e-m/fpv4-sp/hard\libc_nano.a(lib_a-memset.o)
 .text          0x0000000000000000        0x0 c:/st/stm32cubeide_1.5.0/stm32cubeide/plugins/com.st.stm32cube.ide.mcu.externaltools.gnu-tools-for-stm32.7-2018-q2-update.win32_1.5.0.202011040924/tools/bin/../lib/gcc/arm-none-eabi/7.3.1/thumb/v7e-m/fpv4-sp/hard/crtend.o
 .data          0x0000000000000000        0x0 c:/st/stm32cubeide_1.5.0/stm32cubeide/plugins/com.st.stm32cube.ide.mcu.externaltools.gnu-tools-for-stm32.7-2018-q2-update.win32_1.5.0.202011040924/tools/bin/../lib/gcc/arm-none-eabi/7.3.1/thumb/v7e-m/fpv4-sp/hard/crtend.o
 .bss           0x0000000000000000        0x0 c:/st/stm32cubeide_1.5.0/stm32cubeide/plugins/com.st.stm32cube.ide.mcu.externaltools.gnu-tools-for-stm32.7-2018-q2-update.win32_1.5.0.202011040924/tools/bin/../lib/gcc/arm-none-eabi/7.3.1/thumb/v7e-m/fpv4-sp/hard/crtend.o
 .eh_frame      0x0000000000000000        0x4 c:/st/stm32cubeide_1.5.0/stm32cubeide/plugins/com.st.stm32cube.ide.mcu.externaltools.gnu-tools-for-stm32.7-2018-q2-update.win32_1.5.0.202011040924/tools/bin/../lib/gcc/arm-none-eabi/7.3.1/thumb/v7e-m/fpv4-sp/hard/crtend.o
 .ARM.attributes
                0x0000000000000000       0x34 c:/st/stm32cubeide_1.5.0/stm32cubeide/plugins/com.st.stm32cube.ide.mcu.externaltools.gnu-tools-for-stm32.7-2018-q2-update.win32_1.5.0.202011040924/tools/bin/../lib/gcc/arm-none-eabi/7.3.1/thumb/v7e-m/fpv4-sp/hard/crtend.o
 .text          0x0000000000000000        0x0 c:/st/stm32cubeide_1.5.0/stm32cubeide/plugins/com.st.stm32cube.ide.mcu.externaltools.gnu-tools-for-stm32.7-2018-q2-update.win32_1.5.0.202011040924/tools/bin/../lib/gcc/arm-none-eabi/7.3.1/thumb/v7e-m/fpv4-sp/hard/crtn.o
 .data          0x0000000000000000        0x0 c:/st/stm32cubeide_1.5.0/stm32cubeide/plugins/com.st.stm32cube.ide.mcu.externaltools.gnu-tools-for-stm32.7-2018-q2-update.win32_1.5.0.202011040924/tools/bin/../lib/gcc/arm-none-eabi/7.3.1/thumb/v7e-m/fpv4-sp/hard/crtn.o
 .bss           0x0000000000000000        0x0 c:/st/stm32cubeide_1.5.0/stm32cubeide/plugins/com.st.stm32cube.ide.mcu.externaltools.gnu-tools-for-stm32.7-2018-q2-update.win32_1.5.0.202011040924/tools/bin/../lib/gcc/arm-none-eabi/7.3.1/thumb/v7e-m/fpv4-sp/hard/crtn.o

Memory Configuration

Name             Origin             Length             Attributes
RAM              0x0000000020000000 0x0000000000020000 xrw
FLASH            0x0000000008000000 0x0000000000080000 xr
*default*        0x0000000000000000 0xffffffffffffffff

Linker script and memory map

LOAD c:/st/stm32cubeide_1.5.0/stm32cubeide/plugins/com.st.stm32cube.ide.mcu.externaltools.gnu-tools-for-stm32.7-2018-q2-update.win32_1.5.0.202011040924/tools/bin/../lib/gcc/arm-none-eabi/7.3.1/thumb/v7e-m/fpv4-sp/hard/crti.o
LOAD c:/st/stm32cubeide_1.5.0/stm32cubeide/plugins/com.st.stm32cube.ide.mcu.externaltools.gnu-tools-for-stm32.7-2018-q2-update.win32_1.5.0.202011040924/tools/bin/../lib/gcc/arm-none-eabi/7.3.1/thumb/v7e-m/fpv4-sp/hard/crtbegin.o
LOAD c:/st/stm32cubeide_1.5.0/stm32cubeide/plugins/com.st.stm32cube.ide.mcu.externaltools.gnu-tools-for-stm32.7-2018-q2-update.win32_1.5.0.202011040924/tools/bin/../lib/gcc/arm-none-eabi/7.3.1/../../../../arm-none-eabi/lib/thumb/v7e-m/fpv4-sp/hard/crt0.o
LOAD Src/002_gpio_exercise_external_interrupt.o
LOAD Src/syscalls.o
LOAD Src/sysmem.o
LOAD Startup/startup_stm32f446retx.o
LOAD drivers/Src/stm32f446xx_gpio_driver.o
START GROUP
LOAD c:/st/stm32cubeide_1.5.0/stm32cubeide/plugins/com.st.stm32cube.ide.mcu.externaltools.gnu-tools-for-stm32.7-2018-q2-update.win32_1.5.0.202011040924/tools/bin/../lib/gcc/arm-none-eabi/7.3.1/../../../../arm-none-eabi/lib/thumb/v7e-m/fpv4-sp/hard\libc_nano.a
LOAD c:/st/stm32cubeide_1.5.0/stm32cubeide/plugins/com.st.stm32cube.ide.mcu.externaltools.gnu-tools-for-stm32.7-2018-q2-update.win32_1.5.0.202011040924/tools/bin/../lib/gcc/arm-none-eabi/7.3.1/../../../../arm-none-eabi/lib/thumb/v7e-m/fpv4-sp/hard\libm.a
END GROUP
START GROUP
LOAD c:/st/stm32cubeide_1.5.0/stm32cubeide/plugins/com.st.stm32cube.ide.mcu.externaltools.gnu-tools-for-stm32.7-2018-q2-update.win32_1.5.0.202011040924/tools/bin/../lib/gcc/arm-none-eabi/7.3.1/thumb/v7e-m/fpv4-sp/hard\libgcc.a
LOAD c:/st/stm32cubeide_1.5.0/stm32cubeide/plugins/com.st.stm32cube.ide.mcu.externaltools.gnu-tools-for-stm32.7-2018-q2-update.win32_1.5.0.202011040924/tools/bin/../lib/gcc/arm-none-eabi/7.3.1/../../../../arm-none-eabi/lib/thumb/v7e-m/fpv4-sp/hard\libc_nano.a
END GROUP
START GROUP
LOAD c:/st/stm32cubeide_1.5.0/stm32cubeide/plugins/com.st.stm32cube.ide.mcu.externaltools.gnu-tools-for-stm32.7-2018-q2-update.win32_1.5.0.202011040924/tools/bin/../lib/gcc/arm-none-eabi/7.3.1/thumb/v7e-m/fpv4-sp/hard\libgcc.a
LOAD c:/st/stm32cubeide_1.5.0/stm32cubeide/plugins/com.st.stm32cube.ide.mcu.externaltools.gnu-tools-for-stm32.7-2018-q2-update.win32_1.5.0.202011040924/tools/bin/../lib/gcc/arm-none-eabi/7.3.1/../../../../arm-none-eabi/lib/thumb/v7e-m/fpv4-sp/hard\libc_nano.a
LOAD c:/st/stm32cubeide_1.5.0/stm32cubeide/plugins/com.st.stm32cube.ide.mcu.externaltools.gnu-tools-for-stm32.7-2018-q2-update.win32_1.5.0.202011040924/tools/bin/../lib/gcc/arm-none-eabi/7.3.1/../../../../arm-none-eabi/lib/thumb/v7e-m/fpv4-sp/hard\libnosys.a
END GROUP
START GROUP
LOAD c:/st/stm32cubeide_1.5.0/stm32cubeide/plugins/com.st.stm32cube.ide.mcu.externaltools.gnu-tools-for-stm32.7-2018-q2-update.win32_1.5.0.202011040924/tools/bin/../lib/gcc/arm-none-eabi/7.3.1/thumb/v7e-m/fpv4-sp/hard\libgcc.a
LOAD c:/st/stm32cubeide_1.5.0/stm32cubeide/plugins/com.st.stm32cube.ide.mcu.externaltools.gnu-tools-for-stm32.7-2018-q2-update.win32_1.5.0.202011040924/tools/bin/../lib/gcc/arm-none-eabi/7.3.1/../../../../arm-none-eabi/lib/thumb/v7e-m/fpv4-sp/hard\libc_nano.a
LOAD c:/st/stm32cubeide_1.5.0/stm32cubeide/plugins/com.st.stm32cube.ide.mcu.externaltools.gnu-tools-for-stm32.7-2018-q2-update.win32_1.5.0.202011040924/tools/bin/../lib/gcc/arm-none-eabi/7.3.1/../../../../arm-none-eabi/lib/thumb/v7e-m/fpv4-sp/hard\libnosys.a
END GROUP
LOAD c:/st/stm32cubeide_1.5.0/stm32cubeide/plugins/com.st.stm32cube.ide.mcu.externaltools.gnu-tools-for-stm32.7-2018-q2-update.win32_1.5.0.202011040924/tools/bin/../lib/gcc/arm-none-eabi/7.3.1/thumb/v7e-m/fpv4-sp/hard/crtend.o
LOAD c:/st/stm32cubeide_1.5.0/stm32cubeide/plugins/com.st.stm32cube.ide.mcu.externaltools.gnu-tools-for-stm32.7-2018-q2-update.win32_1.5.0.202011040924/tools/bin/../lib/gcc/arm-none-eabi/7.3.1/thumb/v7e-m/fpv4-sp/hard/crtn.o
                0x0000000020020000                _estack = (ORIGIN (RAM) + LENGTH (RAM))
                0x0000000000000200                _Min_Heap_Size = 0x200
                0x0000000000000400                _Min_Stack_Size = 0x400

.isr_vector     0x0000000008000000      0x1c4
                0x0000000008000000                . = ALIGN (0x4)
 *(.isr_vector)
 .isr_vector    0x0000000008000000      0x1c4 Startup/startup_stm32f446retx.o
                0x0000000008000000                g_pfnVectors
                0x00000000080001c4                . = ALIGN (0x4)

.text           0x00000000080001c4      0x894
                0x00000000080001c4                . = ALIGN (0x4)
 *(.text)
 .text          0x00000000080001c4       0x40 c:/st/stm32cubeide_1.5.0/stm32cubeide/plugins/com.st.stm32cube.ide.mcu.externaltools.gnu-tools-for-stm32.7-2018-q2-update.win32_1.5.0.202011040924/tools/bin/../lib/gcc/arm-none-eabi/7.3.1/thumb/v7e-m/fpv4-sp/hard/crtbegin.o
 *(.text*)
 .text.delay    0x0000000008000204       0x2c Src/002_gpio_exercise_external_interrupt.o
                0x0000000008000204                delay
 .text.main     0x0000000008000230       0x7c Src/002_gpio_exercise_external_interrupt.o
                0x0000000008000230                main
 .text.EXTI9_5_IRQHandler
                0x00000000080002ac       0x2c Src/002_gpio_exercise_external_interrupt.o
                0x00000000080002ac                EXTI9_5_IRQHandler
 .text.Reset_Handler
                0x00000000080002d8       0x50 Startup/startup_stm32f446retx.o
                0x00000000080002d8                Reset_Handler
 .text.Default_Handler
                0x0000000008000328        0x2 Startup/startup_stm32f446retx.o
                0x0000000008000328                RTC_Alarm_IRQHandler
                0x0000000008000328                EXTI2_IRQHandler
                0x0000000008000328                TIM8_CC_IRQHandler
                0x0000000008000328                SPDIF_Rx_IRQHandler
                0x0000000008000328                DebugMon_Handler
                0x0000000008000328                SPI4_IRQHandler
                0x0000000008000328                TIM1_CC_IRQHandler
                0x0000000008000328                QuadSPI_IRQHandler
                0x0000000008000328                DMA2_Stream5_IRQHandler
                0x0000000008000328                HardFault_Handler
                0x0000000008000328                DMA1_Stream5_IRQHandler
                0x0000000008000328                SysTick_Handler
                0x0000000008000328                PVD_IRQHandler
                0x0000000008000328                SDIO_IRQHandler
                0x0000000008000328                TAMP_STAMP_IRQHandler
                0x0000000008000328                PendSV_Handler
                0x0000000008000328                NMI_Handler
                0x0000000008000328                CAN2_RX1_IRQHandler
                0x0000000008000328                EXTI3_IRQHandler
                0x0000000008000328                TIM8_TRG_COM_TIM14_IRQHandler
                0x0000000008000328                TIM1_UP_TIM10_IRQHandler
                0x0000000008000328                FMPI2C1_error_IRQHandler
                0x0000000008000328                TIM8_UP_TIM13_IRQHandler
                0x0000000008000328                I2C3_ER_IRQHandler
                0x0000000008000328                EXTI0_IRQHandler
                0x0000000008000328                I2C2_EV_IRQHandler
                0x0000000008000328                DMA1_Stream2_IRQHandler
                0x0000000008000328                CAN1_RX0_IRQHandler
                0x0000000008000328                FPU_IRQHandler
                0x0000000008000328                OTG_HS_WKUP_IRQHandler
                0x0000000008000328                UsageFault_Handler
                0x0000000008000328                CAN2_SCE_IRQHandler
                0x0000000008000328                DMA2_Stream2_IRQHandler
                0x0000000008000328                SPI1_IRQHandler
                0x0000000008000328                TIM6_DAC_IRQHandler
                0x0000000008000328                TIM1_BRK_TIM9_IRQHandler
                0x0000000008000328                DCMI_IRQHandler
                0x0000000008000328                CAN2_RX0_IRQHandler
                0x0000000008000328                DMA2_Stream3_IRQHandler
                0x0000000008000328                FMPI2C1_IRQHandler
                0x0000000008000328                SAI2_IRQHandler
                0x0000000008000328                USART6_IRQHandler
                0x0000000008000328                USART3_IRQHandler
                0x0000000008000328                CAN1_RX1_IRQHandler
                0x0000000008000328                UART5_IRQHandler
                0x0000000008000328                DMA2_Stream0_IRQHandler
                0x0000000008000328                TIM4_IRQHandler
                0x0000000008000328                I2C1_EV_IRQHandler
                0x0000000008000328                HDMI_CEC_IRQHandler
                0x0000000008000328                DMA1_Stream6_IRQHandler
                0x0000000008000328                DMA1_Stream1_IRQHandler
                0x0000000008000328                UART4_IRQHandler
                0x0000000008000328                TIM3_IRQHandler
                0x0000000008000328                RCC_IRQHandler
                0x0000000008000328                TIM8_BRK_TIM12_IRQHandler
                0x0000000008000328                Default_Handler
                0x0000000008000328                EXTI15_10_IRQHandler
                0x0000000008000328                ADC_IRQHandler
                0x0000000008000328                DMA1_Stream7_IRQHandler
                0x0000000008000328                TIM7_IRQHandler
                0x0000000008000328                CAN2_TX_IRQHandler
                0x0000000008000328                TIM5_IRQHandler
                0x0000000008000328                DMA2_Stream7_IRQHandler
                0x0000000008000328                I2C3_EV_IRQHandler
                0x0000000008000328                RTC_WKUP_IRQHandler
                0x0000000008000328                SPI2_IRQHandler
                0x0000000008000328                OTG_HS_EP1_IN_IRQHandler
                0x0000000008000328                MemManage_Handler
                0x0000000008000328                DMA1_Stream0_IRQHandler
                0x0000000008000328                CAN1_TX_IRQHandler
                0x0000000008000328                SVC_Handler
                0x0000000008000328                EXTI4_IRQHandler
                0x0000000008000328                OTG_HS_EP1_OUT_IRQHandler
                0x0000000008000328                WWDG_IRQHandler
                0x0000000008000328                TIM2_IRQHandler
                0x0000000008000328                OTG_FS_WKUP_IRQHandler
                0x0000000008000328                TIM1_TRG_COM_TIM11_IRQHandler
                0x0000000008000328                OTG_HS_IRQHandler
                0x0000000008000328                EXTI1_IRQHandler
                0x0000000008000328                USART2_IRQHandler
                0x0000000008000328                I2C2_ER_IRQHandler
                0x0000000008000328                DMA2_Stream1_IRQHandler
                0x0000000008000328                CAN1_SCE_IRQHandler
                0x0000000008000328                FLASH_IRQHandler
                0x0000000008000328                DMA2_Stream4_IRQHandler
                0x0000000008000328                BusFault_Handler
                0x0000000008000328                USART1_IRQHandler
                0x0000000008000328                OTG_FS_IRQHandler
                0x0000000008000328                SPI3_IRQHandler
                0x0000000008000328                DMA1_Stream4_IRQHandler
                0x0000000008000328                I2C1_ER_IRQHandler
                0x0000000008000328                FMC_IRQHandler
                0x0000000008000328                DMA2_Stream6_IRQHandler
                0x0000000008000328                SAI1_IRQHandler
                0x0000000008000328                DMA1_Stream3_IRQHandler
 *fill*         0x000000000800032a        0x2 
 .text.GPIO_PeriClockControl
                0x000000000800032c      0x1a0 drivers/Src/stm32f446xx_gpio_driver.o
                0x000000000800032c                GPIO_PeriClockControl
 .text.GPIO_Init
                0x00000000080004cc      0x330 drivers/Src/stm32f446xx_gpio_driver.o
                0x00000000080004cc                GPIO_Init
 .text.GPIO_WriteToOutputPin
                0x00000000080007fc       0x4a drivers/Src/stm32f446xx_gpio_driver.o
                0x00000000080007fc                GPIO_WriteToOutputPin
 *fill*         0x0000000008000846        0x2 
 .text.GPIO_IRQInterruptConfig
                0x0000000008000848      0x104 drivers/Src/stm32f446xx_gpio_driver.o
                0x0000000008000848                GPIO_IRQInterruptConfig
 .text.GPIO_ITQPriorityConfig
                0x000000000800094c       0x5c drivers/Src/stm32f446xx_gpio_driver.o
                0x000000000800094c                GPIO_ITQPriorityConfig
 .text.GPIO_IRQHandling
                0x00000000080009a8       0x40 drivers/Src/stm32f446xx_gpio_driver.o
                0x00000000080009a8                GPIO_IRQHandling
 .text.__libc_init_array
                0x00000000080009e8       0x48 c:/st/stm32cubeide_1.5.0/stm32cubeide/plugins/com.st.stm32cube.ide.mcu.externaltools.gnu-tools-for-stm32.7-2018-q2-update.win32_1.5.0.202011040924/tools/bin/../lib/gcc/arm-none-eabi/7.3.1/../../../../arm-none-eabi/lib/thumb/v7e-m/fpv4-sp/hard\libc_nano.a(lib_a-init.o)
                0x00000000080009e8                __libc_init_array
 .text.memset   0x0000000008000a30       0x10 c:/st/stm32cubeide_1.5.0/stm32cubeide/plugins/com.st.stm32cube.ide.mcu.externaltools.gnu-tools-for-stm32.7-2018-q2-update.win32_1.5.0.202011040924/tools/bin/../lib/gcc/arm-none-eabi/7.3.1/../../../../arm-none-eabi/lib/thumb/v7e-m/fpv4-sp/hard\libc_nano.a(lib_a-memset.o)
                0x0000000008000a30                memset
 *(.glue_7)
 .glue_7        0x0000000008000a40        0x0 linker stubs
 *(.glue_7t)
 .glue_7t       0x0000000008000a40        0x0 linker stubs
 *(.eh_frame)
 .eh_frame      0x0000000008000a40        0x0 c:/st/stm32cubeide_1.5.0/stm32cubeide/plugins/com.st.stm32cube.ide.mcu.externaltools.gnu-tools-for-stm32.7-2018-q2-update.win32_1.5.0.202011040924/tools/bin/../lib/gcc/arm-none-eabi/7.3.1/thumb/v7e-m/fpv4-sp/hard/crtbegin.o
 *(.init)
 .init          0x0000000008000a40        0x4 c:/st/stm32cubeide_1.5.0/stm32cubeide/plugins/com.st.stm32cube.ide.mcu.externaltools.gnu-tools-for-stm32.7-2018-q2-update.win32_1.5.0.202011040924/tools/bin/../lib/gcc/arm-none-eabi/7.3.1/thumb/v7e-m/fpv4-sp/hard/crti.o
                0x0000000008000a40                _init
 .init          0x0000000008000a44        0x8 c:/st/stm32cubeide_1.5.0/stm32cubeide/plugins/com.st.stm32cube.ide.mcu.externaltools.gnu-tools-for-stm32.7-2018-q2-update.win32_1.5.0.202011040924/tools/bin/../lib/gcc/arm-none-eabi/7.3.1/thumb/v7e-m/fpv4-sp/hard/crtn.o
 *(.fini)
 .fini          0x0000000008000a4c        0x4 c:/st/stm32cubeide_1.5.0/stm32cubeide/plugins/com.st.stm32cube.ide.mcu.externaltools.gnu-tools-for-stm32.7-2018-q2-update.win32_1.5.0.202011040924/tools/bin/../lib/gcc/arm-none-eabi/7.3.1/thumb/v7e-m/fpv4-sp/hard/crti.o
                0x0000000008000a4c                _fini
 .fini          0x0000000008000a50        0x8 c:/st/stm32cubeide_1.5.0/stm32cubeide/plugins/com.st.stm32cube.ide.mcu.externaltools.gnu-tools-for-stm32.7-2018-q2-update.win32_1.5.0.202011040924/tools/bin/../lib/gcc/arm-none-eabi/7.3.1/thumb/v7e-m/fpv4-sp/hard/crtn.o
                0x0000000008000a58                . = ALIGN (0x4)
                0x0000000008000a58                _etext = .

.vfp11_veneer   0x0000000008000a58        0x0
 .vfp11_veneer  0x0000000008000a58        0x0 linker stubs

.v4_bx          0x0000000008000a58        0x0
 .v4_bx         0x0000000008000a58        0x0 linker stubs

.iplt           0x0000000008000a58        0x0
 .iplt          0x0000000008000a58        0x0 c:/st/stm32cubeide_1.5.0/stm32cubeide/plugins/com.st.stm32cube.ide.mcu.externaltools.gnu-tools-for-stm32.7-2018-q2-update.win32_1.5.0.202011040924/tools/bin/../lib/gcc/arm-none-eabi/7.3.1/thumb/v7e-m/fpv4-sp/hard/crtbegin.o

.rel.dyn        0x0000000008000a58        0x0
 .rel.iplt      0x0000000008000a58        0x0 c:/st/stm32cubeide_1.5.0/stm32cubeide/plugins/com.st.stm32cube.ide.mcu.externaltools.gnu-tools-for-stm32.7-2018-q2-update.win32_1.5.0.202011040924/tools/bin/../lib/gcc/arm-none-eabi/7.3.1/thumb/v7e-m/fpv4-sp/hard/crtbegin.o

.rodata         0x0000000008000a58        0x0
                0x0000000008000a58                . = ALIGN (0x4)
 *(.rodata)
 *(.rodata*)
                0x0000000008000a58                . = ALIGN (0x4)

.ARM.extab      0x0000000008000a58        0x0
                0x0000000008000a58                . = ALIGN (0x4)
 *(.ARM.extab* .gnu.linkonce.armextab.*)
                0x0000000008000a58                . = ALIGN (0x4)

.ARM            0x0000000008000a58        0x0
                0x0000000008000a58                . = ALIGN (0x4)
                0x0000000008000a58                __exidx_start = .
 *(.ARM.exidx*)
                0x0000000008000a58                __exidx_end = .
                0x0000000008000a58                . = ALIGN (0x4)

.preinit_array  0x0000000008000a58        0x0
                0x0000000008000a58                . = ALIGN (0x4)
                0x0000000008000a58                PROVIDE (__preinit_array_start = .)
 *(.preinit_array*)
                0x0000000008000a58                PROVIDE (__preinit_array_end = .)
                0x0000000008000a58                . = ALIGN (0x4)

.init_array     0x0000000008000a58        0x4
                0x0000000008000a58                . = ALIGN (0x4)
                0x0000000008000a58                PROVIDE (__init_array_start = .)
 *(SORT_BY_NAME(.init_array.*))
 *(.init_array*)
 .init_array    0x0000000008000a58        0x4 c:/st/stm32cubeide_1.5.0/stm32cubeide/plugins/com.st.stm32cube.ide.mcu.externaltools.gnu-tools-for-stm32.7-2018-q2-update.win32_1.5.0.202011040924/tools/bin/../lib/gcc/arm-none-eabi/7.3.1/thumb/v7e-m/fpv4-sp/hard/crtbegin.o
                0x0000000008000a5c                PROVIDE (__init_array_end = .)
                0x0000000008000a5c                . = ALIGN (0x4)

.fini_array     0x0000000008000a5c        0x4
                0x0000000008000a5c                . = ALIGN (0x4)
                [!provide]                        PROVIDE (__fini_array_start = .)
 *(SORT_BY_NAME(.fini_array.*))
 *(.fini_array*)
 .fini_array    0x0000000008000a5c        0x4 c:/st/stm32cubeide_1.5.0/stm32cubeide/plugins/com.st.stm32cube.ide.mcu.externaltools.gnu-tools-for-stm32.7-2018-q2-update.win32_1.5.0.202011040924/tools/bin/../lib/gcc/arm-none-eabi/7.3.1/thumb/v7e-m/fpv4-sp/hard/crtbegin.o
                [!provide]                        PROVIDE (__fini_array_end = .)
                0x0000000008000a60                . = ALIGN (0x4)
                0x0000000008000a60                _sidata = LOADADDR (.data)

.data           0x0000000020000000        0x0 load address 0x0000000008000a60
                0x0000000020000000                . = ALIGN (0x4)
                0x0000000020000000                _sdata = .
 *(.data)
 *(.data*)
 *(.RamFunc)
 *(.RamFunc*)
                0x0000000020000000                . = ALIGN (0x4)
                0x0000000020000000                _edata = .

.igot.plt       0x0000000020000000        0x0 load address 0x0000000008000a60
 .igot.plt      0x0000000020000000        0x0 c:/st/stm32cubeide_1.5.0/stm32cubeide/plugins/com.st.stm32cube.ide.mcu.externaltools.gnu-tools-for-stm32.7-2018-q2-update.win32_1.5.0.202011040924/tools/bin/../lib/gcc/arm-none-eabi/7.3.1/thumb/v7e-m/fpv4-sp/hard/crtbegin.o
                0x0000000020000000                . = ALIGN (0x4)

.bss            0x0000000020000000       0x1c load address 0x0000000008000a60
                0x0000000020000000                _sbss = .
                0x0000000020000000                __bss_start__ = _sbss
 *(.bss)
 .bss           0x0000000020000000       0x1c c:/st/stm32cubeide_1.5.0/stm32cubeide/plugins/com.st.stm32cube.ide.mcu.externaltools.gnu-tools-for-stm32.7-2018-q2-update.win32_1.5.0.202011040924/tools/bin/../lib/gcc/arm-none-eabi/7.3.1/thumb/v7e-m/fpv4-sp/hard/crtbegin.o
 *(.bss*)
 *(COMMON)
                0x000000002000001c                . = ALIGN (0x4)
                0x000000002000001c                _ebss = .
                0x000000002000001c                __bss_end__ = _ebss

._user_heap_stack
                0x000000002000001c      0x604 load address 0x0000000008000a60
                0x0000000020000020                . = ALIGN (0x8)
 *fill*         0x000000002000001c        0x4 
                [!provide]                        PROVIDE (end = .)
                0x0000000020000020                PROVIDE (_end = .)
                0x0000000020000220                . = (. + _Min_Heap_Size)
 *fill*         0x0000000020000020      0x200 
                0x0000000020000620                . = (. + _Min_Stack_Size)
 *fill*         0x0000000020000220      0x400 
                0x0000000020000620                . = ALIGN (0x8)

/DISCARD/
 libc.a(*)
 libm.a(*)
 libgcc.a(*)

.ARM.attributes
                0x0000000000000000       0x30
 *(.ARM.attributes)
 .ARM.attributes
                0x0000000000000000       0x22 c:/st/stm32cubeide_1.5.0/stm32cubeide/plugins/com.st.stm32cube.ide.mcu.externaltools.gnu-tools-for-stm32.7-2018-q2-update.win32_1.5.0.202011040924/tools/bin/../lib/gcc/arm-none-eabi/7.3.1/thumb/v7e-m/fpv4-sp/hard/crti.o
 .ARM.attributes
                0x0000000000000022       0x34 c:/st/stm32cubeide_1.5.0/stm32cubeide/plugins/com.st.stm32cube.ide.mcu.externaltools.gnu-tools-for-stm32.7-2018-q2-update.win32_1.5.0.202011040924/tools/bin/../lib/gcc/arm-none-eabi/7.3.1/thumb/v7e-m/fpv4-sp/hard/crtbegin.o
 .ARM.attributes
                0x0000000000000056       0x39 Src/002_gpio_exercise_external_interrupt.o
 .ARM.attributes
                0x000000000000008f       0x21 Startup/startup_stm32f446retx.o
 .ARM.attributes
                0x00000000000000b0       0x39 drivers/Src/stm32f446xx_gpio_driver.o
 .ARM.attributes
                0x00000000000000e9       0x34 c:/st/stm32cubeide_1.5.0/stm32cubeide/plugins/com.st.stm32cube.ide.mcu.externaltools.gnu-tools-for-stm32.7-2018-q2-update.win32_1.5.0.202011040924/tools/bin/../lib/gcc/arm-none-eabi/7.3.1/../../../../arm-none-eabi/lib/thumb/v7e-m/fpv4-sp/hard\libc_nano.a(lib_a-init.o)
 .ARM.attributes
                0x000000000000011d       0x34 c:/st/stm32cubeide_1.5.0/stm32cubeide/plugins/com.st.stm32cube.ide.mcu.externaltools.gnu-tools-for-stm32.7-2018-q2-update.win32_1.5.0.202011040924/tools/bin/../lib/gcc/arm-none-eabi/7.3.1/../../../../arm-none-eabi/lib/thumb/v7e-m/fpv4-sp/hard\libc_nano.a(lib_a-memset.o)
 .ARM.attributes
                0x0000000000000151       0x22 c:/st/stm32cubeide_1.5.0/stm32cubeide/plugins/com.st.stm32cube.ide.mcu.externaltools.gnu-tools-for-stm32.7-2018-q2-update.win32_1.5.0.202011040924/tools/bin/../lib/gcc/arm-none-eabi/7.3.1/thumb/v7e-m/fpv4-sp/hard/crtn.o
OUTPUT(stm32f4xx_drivers.elf elf32-littlearm)

.debug_info     0x0000000000000000     0x11a4
 .debug_info    0x0000000000000000      0xa4c Src/002_gpio_exercise_external_interrupt.o
 .debug_info    0x0000000000000a4c       0x22 Startup/startup_stm32f446retx.o
 .debug_info    0x0000000000000a6e      0x736 drivers/Src/stm32f446xx_gpio_driver.o

.debug_abbrev   0x0000000000000000      0x316
 .debug_abbrev  0x0000000000000000      0x1c5 Src/002_gpio_exercise_external_interrupt.o
 .debug_abbrev  0x00000000000001c5       0x12 Startup/startup_stm32f446retx.o
 .debug_abbrev  0x00000000000001d7      0x13f drivers/Src/stm32f446xx_gpio_driver.o

.debug_aranges  0x0000000000000000       0xc8
 .debug_aranges
                0x0000000000000000       0x30 Src/002_gpio_exercise_external_interrupt.o
 .debug_aranges
                0x0000000000000030       0x28 Startup/startup_stm32f446retx.o
 .debug_aranges
                0x0000000000000058       0x70 drivers/Src/stm32f446xx_gpio_driver.o

.debug_ranges   0x0000000000000000       0xa0
 .debug_ranges  0x0000000000000000       0x20 Src/002_gpio_exercise_external_interrupt.o
 .debug_ranges  0x0000000000000020       0x20 Startup/startup_stm32f446retx.o
 .debug_ranges  0x0000000000000040       0x60 drivers/Src/stm32f446xx_gpio_driver.o

.debug_macro    0x0000000000000000     0x2233
 .debug_macro   0x0000000000000000      0x20b Src/002_gpio_exercise_external_interrupt.o
 .debug_macro   0x000000000000020b      0xa66 Src/002_gpio_exercise_external_interrupt.o
 .debug_macro   0x0000000000000c71       0x22 Src/002_gpio_exercise_external_interrupt.o
 .debug_macro   0x0000000000000c93       0x40 Src/002_gpio_exercise_external_interrupt.o
 .debug_macro   0x0000000000000cd3       0x18 Src/002_gpio_exercise_external_interrupt.o
 .debug_macro   0x0000000000000ceb       0x94 Src/002_gpio_exercise_external_interrupt.o
 .debug_macro   0x0000000000000d7f       0x3c Src/002_gpio_exercise_external_interrupt.o
 .debug_macro   0x0000000000000dbb       0x34 Src/002_gpio_exercise_external_interrupt.o
 .debug_macro   0x0000000000000def       0x16 Src/002_gpio_exercise_external_interrupt.o
 .debug_macro   0x0000000000000e05       0x57 Src/002_gpio_exercise_external_interrupt.o
 .debug_macro   0x0000000000000e5c       0x97 Src/002_gpio_exercise_external_interrupt.o
 .debug_macro   0x0000000000000ef3      0x330 Src/002_gpio_exercise_external_interrupt.o
 .debug_macro   0x0000000000001223       0xfd Src/002_gpio_exercise_external_interrupt.o
 .debug_macro   0x0000000000001320       0x10 Src/002_gpio_exercise_external_interrupt.o
 .debug_macro   0x0000000000001330       0x52 Src/002_gpio_exercise_external_interrupt.o
 .debug_macro   0x0000000000001382       0x1f Src/002_gpio_exercise_external_interrupt.o
 .debug_macro   0x00000000000013a1       0x43 Src/002_gpio_exercise_external_interrupt.o
 .debug_macro   0x00000000000013e4       0x20 Src/002_gpio_exercise_external_interrupt.o
 .debug_macro   0x0000000000001404      0x1a3 Src/002_gpio_exercise_external_interrupt.o
 .debug_macro   0x00000000000015a7       0x10 Src/002_gpio_exercise_external_interrupt.o
 .debug_macro   0x00000000000015b7       0x6a Src/002_gpio_exercise_external_interrupt.o
 .debug_macro   0x0000000000001621       0x1c Src/002_gpio_exercise_external_interrupt.o
 .debug_macro   0x000000000000163d       0x52 Src/002_gpio_exercise_external_interrupt.o
 .debug_macro   0x000000000000168f       0x40 Src/002_gpio_exercise_external_interrupt.o
 .debug_macro   0x00000000000016cf       0x10 Src/002_gpio_exercise_external_interrupt.o
 .debug_macro   0x00000000000016df       0x40 Src/002_gpio_exercise_external_interrupt.o
 .debug_macro   0x000000000000171f       0xd7 Src/002_gpio_exercise_external_interrupt.o
 .debug_macro   0x00000000000017f6       0x1c Src/002_gpio_exercise_external_interrupt.o
 .debug_macro   0x0000000000001812       0x3d Src/002_gpio_exercise_external_interrupt.o
 .debug_macro   0x000000000000184f       0x16 Src/002_gpio_exercise_external_interrupt.o
 .debug_macro   0x0000000000001865      0x145 Src/002_gpio_exercise_external_interrupt.o
 .debug_macro   0x00000000000019aa       0x16 Src/002_gpio_exercise_external_interrupt.o
 .debug_macro   0x00000000000019c0       0x35 Src/002_gpio_exercise_external_interrupt.o
 .debug_macro   0x00000000000019f5       0x20 Src/002_gpio_exercise_external_interrupt.o
 .debug_macro   0x0000000000001a15       0xef Src/002_gpio_exercise_external_interrupt.o
 .debug_macro   0x0000000000001b04      0x1df Src/002_gpio_exercise_external_interrupt.o
 .debug_macro   0x0000000000001ce3      0x327 Src/002_gpio_exercise_external_interrupt.o
 .debug_macro   0x000000000000200a       0xc4 Src/002_gpio_exercise_external_interrupt.o
 .debug_macro   0x00000000000020ce       0x86 drivers/Src/stm32f446xx_gpio_driver.o
 .debug_macro   0x0000000000002154       0x8e drivers/Src/stm32f446xx_gpio_driver.o
 .debug_macro   0x00000000000021e2       0x51 drivers/Src/stm32f446xx_gpio_driver.o

.debug_line     0x0000000000000000      0xcd4
 .debug_line    0x0000000000000000      0x656 Src/002_gpio_exercise_external_interrupt.o
 .debug_line    0x0000000000000656       0x84 Startup/startup_stm32f446retx.o
 .debug_line    0x00000000000006da      0x5fa drivers/Src/stm32f446xx_gpio_driver.o

.debug_str      0x0000000000000000     0x98f8
 .debug_str     0x0000000000000000     0x95e8 Src/002_gpio_exercise_external_interrupt.o
                                       0x9835 (size before relaxing)
 .debug_str     0x00000000000095e8       0x31 Startup/startup_stm32f446retx.o
                                         0x5e (size before relaxing)
 .debug_str     0x0000000000009619      0x2df drivers/Src/stm32f446xx_gpio_driver.o
                                       0x5645 (size before relaxing)

.comment        0x0000000000000000       0x7b
 .comment       0x0000000000000000       0x7b Src/002_gpio_exercise_external_interrupt.o
                                         0x7c (size before relaxing)
 .comment       0x000000000000007b       0x7c drivers/Src/stm32f446xx_gpio_driver.o

.debug_frame    0x0000000000000000      0x288
 .debug_frame   0x0000000000000000       0x74 Src/002_gpio_exercise_external_interrupt.o
 .debug_frame   0x0000000000000074      0x1c8 drivers/Src/stm32f446xx_gpio_driver.o
 .debug_frame   0x000000000000023c       0x2c c:/st/stm32cubeide_1.5.0/stm32cubeide/plugins/com.st.stm32cube.ide.mcu.externaltools.gnu-tools-for-stm32.7-2018-q2-update.win32_1.5.0.202011040924/tools/bin/../lib/gcc/arm-none-eabi/7.3.1/../../../../arm-none-eabi/lib/thumb/v7e-m/fpv4-sp/hard\libc_nano.a(lib_a-init.o)
 .debug_frame   0x0000000000000268       0x20 c:/st/stm32cubeide_1.5.0/stm32cubeide/plugins/com.st.stm32cube.ide.mcu.externaltools.gnu-tools-for-stm32.7-2018-q2-update.win32_1.5.0.202011040924/tools/bin/../lib/gcc/arm-none-eabi/7.3.1/../../../../arm-none-eabi/lib/thumb/v7e-m/fpv4-sp/hard\libc_nano.a(lib_a-memset.o)
